   Compiling proc-macro2 v1.0.107
   Compiling unicode-ident v1.0.26
   Compiling quote v1.0.47
   Compiling serde_core v1.0.229
   Compiling serde v1.0.229
   Compiling hashbrown v0.17.1
   Compiling winnow v1.0.4
   Compiling equivalent v1.0.2
   Compiling toml_datetime v1.1.2+spec-1.1.0
   Compiling cfg_aliases v0.2.2
   Compiling borsh v1.8.1
   Compiling once_cell v1.21.4
   Compiling five8_core v1.0.0
   Compiling bytemuck v1.25.2
   Compiling five8 v1.0.0
   Compiling solana-define-syscall v4.0.1
   Compiling solana-define-syscall v5.2.0
   Compiling five8_const v1.0.0
   Compiling solana-atomic-u64 v3.0.1
   Compiling sha2-const-stable v0.1.0
   Compiling solana-sanitize v3.0.1
   Compiling autocfg v1.5.1
   Compiling bs58 v0.5.1
   Compiling solana-program-memory v3.1.0
   Compiling indexmap v2.14.2
   Compiling feature-probe v0.1.1
   Compiling thiserror v2.0.21
   Compiling bv v0.11.1
   Compiling num-traits v0.2.19
   Compiling toml_parser v1.1.5+spec-1.1.0
   Compiling log v0.4.34
   Compiling lazy_static v1.5.1
   Compiling solana-big-mod-exp v4.0.0
   Compiling solana-msg v3.1.0
   Compiling solana-native-token v3.0.0
   Compiling solana-program-option v3.1.0
   Compiling solana-short-vec v3.3.0
   Compiling toml_edit v0.25.17+spec-1.1.0
   Compiling syn v3.0.6
   Compiling syn v2.0.119
   Compiling proc-macro-crate v3.5.0
   Compiling solana-sdk-macro v3.0.1
   Compiling serde_derive v1.0.229
   Compiling borsh-derive v1.8.1
   Compiling bytemuck_derive v1.12.1
   Compiling thiserror-impl v2.0.21
   Compiling solana-secp256k1-recover v3.3.0
   Compiling solana-borsh v3.0.2
   Compiling solana-program-error v3.0.1
   Compiling solana-hash v4.7.0
   Compiling bincode v1.3.3
   Compiling solana-fee-calculator v3.4.0
   Compiling solana-serde-varint v3.0.1
   Compiling solana-instruction-error v2.5.0
   Compiling solana-instruction-error v3.1.0
   Compiling solana-program-pack v3.1.0
   Compiling solana-sha256-hasher v3.1.0
   Compiling solana-blake3-hasher v3.1.0
   Compiling solana-keccak-hasher v3.1.0
   Compiling solana-address v2.9.0
   Compiling solana-sdk-ids v3.1.0
   Compiling solana-pubkey v4.4.0
   Compiling solana-get-sysvar v1.0.0
   Compiling solana-account-info v3.1.1
   Compiling solana-instruction v4.0.0
   Compiling solana-serialize-utils v4.0.0
   Compiling solana-epoch-stake v3.0.1
   Compiling solana-sysvar-id v3.1.0
   Compiling solana-program-entrypoint v3.1.1
   Compiling solana-clock v4.0.0
   Compiling solana-last-restart-slot v3.2.0
   Compiling solana-slot-history v3.2.0
   Compiling solana-epoch-schedule v3.4.0
   Compiling solana-rent v4.5.0
   Compiling solana-epoch-rewards v3.2.0
   Compiling solana-slot-hashes v4.0.0
   Compiling solana-instruction v3.5.1
   Compiling solana-instructions-sysvar v5.0.0
   Compiling solana-stable-layout v3.0.1
   Compiling solana-stable-layout v4.0.0
   Compiling solana-cpi v3.1.0
   Compiling solana-stake-history v2.1.0
   Compiling solana-sysvar v5.0.0
   Compiling solana-program v5.1.0
   Compiling sbpf-control v0.1.0 (/Users/mansitibrewal/chronicles/pq-solana-lab/experiments/sbpf-control)
warning: unexpected `cfg` condition value: `custom-heap`
  --> src/lib.rs:12:1
   |
12 | entrypoint!(process_instruction);
   | ^^^^^^^^^^^^^^^^^^^^^^^^^^^^^^^^
   |
   = note: no expected values for `feature`
   = note: using a cfg inside a macro will use the cfgs from the destination crate and not the ones from the defining crate
   = help: try referring to `$crate::custom_heap_default` crate for guidance on how handle this unexpected cfg
   = help: the macro `$crate::custom_heap_default` may come from an old version of the `solana_program_entrypoint` crate, try updating your dependency with `cargo update -p solana_program_entrypoint`
   = note: see <https://doc.rust-lang.org/nightly/rustc/check-cfg/cargo-specifics.html> for more information about checking conditional configuration
   = note: `#[warn(unexpected_cfgs)]` on by default
   = note: this warning originates in the macro `$crate::custom_heap_default` which comes from the expansion of the macro `entrypoint` (in Nightly builds, run with -Z macro-backtrace for more info)

warning: unexpected `cfg` condition value: `custom-panic`
  --> src/lib.rs:12:1
   |
12 | entrypoint!(process_instruction);
   | ^^^^^^^^^^^^^^^^^^^^^^^^^^^^^^^^
   |
   = note: no expected values for `feature`
   = note: using a cfg inside a macro will use the cfgs from the destination crate and not the ones from the defining crate
   = help: try referring to `$crate::custom_panic_default` crate for guidance on how handle this unexpected cfg
   = help: the macro `$crate::custom_panic_default` may come from an old version of the `solana_program_entrypoint` crate, try updating your dependency with `cargo update -p solana_program_entrypoint`
   = note: see <https://doc.rust-lang.org/nightly/rustc/check-cfg/cargo-specifics.html> for more information about checking conditional configuration
   = note: this warning originates in the macro `$crate::custom_panic_default` which comes from the expansion of the macro `entrypoint` (in Nightly builds, run with -Z macro-backtrace for more info)

warning: `sbpf-control` (lib) generated 2 warnings
    Finished `release` profile [optimized] target(s) in 7.21s
