   Compiling sbpf-verifier-rustcrypto v0.1.0 (/Users/mansitibrewal/chronicles/pq-solana-lab/experiments/sbpf-verifier-rustcrypto)
warning: unexpected `cfg` condition value: `custom-heap`
  --> src/lib.rs:16:1
   |
16 | entrypoint!(process_instruction);
   | ^^^^^^^^^^^^^^^^^^^^^^^^^^^^^^^^
   |
   = note: no expected values for `feature`
   = note: using a cfg inside a macro will use the cfgs from the destination crate and not the ones from the defining crate
   = help: try referring to `$crate::custom_heap_default` crate for guidance on how handle this unexpected cfg
   = help: the macro `$crate::custom_heap_default` may come from an old version of the `solana_program_entrypoint` crate, try updating your dependency with `cargo update -p solana_program_entrypoint`
   = note: see <https://doc.rust-lang.org/nightly/rustc/check-cfg/cargo-specifics.html> for more information about checking conditional configuration
   = note: `#[warn(unexpected_cfgs)]` on by default
   = note: this warning originates in the macro `$crate::custom_heap_default` which comes from the expansion of the macro `entrypoint` (in Nightly builds, run with -Z macro-backtrace for more info)

warning: unexpected `cfg` condition value: `custom-panic`
  --> src/lib.rs:16:1
   |
16 | entrypoint!(process_instruction);
   | ^^^^^^^^^^^^^^^^^^^^^^^^^^^^^^^^
   |
   = note: no expected values for `feature`
   = note: using a cfg inside a macro will use the cfgs from the destination crate and not the ones from the defining crate
   = help: try referring to `$crate::custom_panic_default` crate for guidance on how handle this unexpected cfg
   = help: the macro `$crate::custom_panic_default` may come from an old version of the `solana_program_entrypoint` crate, try updating your dependency with `cargo update -p solana_program_entrypoint`
   = note: see <https://doc.rust-lang.org/nightly/rustc/check-cfg/cargo-specifics.html> for more information about checking conditional configuration
   = note: this warning originates in the macro `$crate::custom_panic_default` which comes from the expansion of the macro `entrypoint` (in Nightly builds, run with -Z macro-backtrace for more info)

Error: Function _ZN102_$LT$core..iter..adapters..map..Map$LT$I$C$F$GT$$u20$as$u20$core..iter..traits..iterator..Iterator$GT$4next17h3b96c9db5921e297E Stack offset of 4104 exceeded max offset of 4096 by 8 bytes, please minimize large stack variables. Estimated function frame size: 4160 bytes. Exceeding the maximum stack offset may cause undefined behavior during execution.

Error: Function _ZN24sbpf_verifier_rustcrypto12verify_slice17hcad7cdbddf2bd26cE Stack offset of 64696 exceeded max offset of 4096 by 60600 bytes, please minimize large stack variables. Estimated function frame size: 68480 bytes. Exceeding the maximum stack offset may cause undefined behavior during execution.

warning: `sbpf-verifier-rustcrypto` (lib) generated 2 warnings
    Finished `release` profile [optimized] target(s) in 1.19s
